/Users/oliviabryson/Desktop/d387-advanced-java/src/main/java/edu/wgu/d387_sample_code/config/ApiConfig.java
/Users/oliviabryson/Desktop/d387-advanced-java/src/main/java/edu/wgu/d387_sample_code/convertor/ReservationService.java
/Users/oliviabryson/Desktop/d387-advanced-java/src/main/java/edu/wgu/d387_sample_code/model/Self.java
/Users/oliviabryson/Desktop/d387-advanced-java/src/main/java/edu/wgu/d387_sample_code/config/ConversionConfig.java
/Users/oliviabryson/Desktop/d387-advanced-java/src/main/java/edu/wgu/d387_sample_code/entity/ReservationEntity.java
/Users/oliviabryson/Desktop/d387-advanced-java/src/main/java/edu/wgu/d387_sample_code/H2Bootstrap.java
/Users/oliviabryson/Desktop/d387-advanced-java/src/main/java/edu/wgu/d387_sample_code/repository/RoomRepository.java
/Users/oliviabryson/Desktop/d387-advanced-java/src/main/java/edu/wgu/d387_sample_code/ServletInitializer.java
/Users/oliviabryson/Desktop/d387-advanced-java/src/main/java/edu/wgu/d387_sample_code/convertor/ReservationEntityToReservationResponseConverter.java
/Users/oliviabryson/Desktop/d387-advanced-java/src/main/java/edu/wgu/d387_sample_code/convertor/RoomServiceImpl.java
/Users/oliviabryson/Desktop/d387-advanced-java/src/main/java/edu/wgu/d387_sample_code/convertor/RoomEntityToReservableRoomResponseConverter.java
/Users/oliviabryson/Desktop/d387-advanced-java/src/main/java/edu/wgu/d387_sample_code/convertor/ReservationServiceImpl.java
/Users/oliviabryson/Desktop/d387-advanced-java/src/main/java/edu/wgu/d387_sample_code/entity/RoomEntity.java
/Users/oliviabryson/Desktop/d387-advanced-java/src/main/java/edu/wgu/d387_sample_code/model/response/ReservationResponse.java
/Users/oliviabryson/Desktop/d387-advanced-java/src/main/java/edu/wgu/d387_sample_code/model/request/ReservationRequest.java
/Users/oliviabryson/Desktop/d387-advanced-java/src/main/java/edu/wgu/d387_sample_code/repository/ReservationRepository.java
/Users/oliviabryson/Desktop/d387-advanced-java/src/main/java/edu/wgu/d387_sample_code/convertor/ReservationRequestToReservationEntityConverter.java
/Users/oliviabryson/Desktop/d387-advanced-java/src/main/java/edu/wgu/d387_sample_code/rest/ReservationResource.java
/Users/oliviabryson/Desktop/d387-advanced-java/src/main/java/edu/wgu/d387_sample_code/config/DatabaseConfig.java
/Users/oliviabryson/Desktop/d387-advanced-java/src/main/java/edu/wgu/d387_sample_code/model/Links.java
/Users/oliviabryson/Desktop/d387-advanced-java/src/main/java/edu/wgu/d387_sample_code/D387SampleCodeApplication.java
/Users/oliviabryson/Desktop/d387-advanced-java/src/main/java/edu/wgu/d387_sample_code/convertor/RoomService.java
/Users/oliviabryson/Desktop/d387-advanced-java/src/main/java/edu/wgu/d387_sample_code/repository/PageableRoomRepository.java
/Users/oliviabryson/Desktop/d387-advanced-java/src/main/java/edu/wgu/d387_sample_code/model/response/ReservableRoomResponse.java
/Users/oliviabryson/Desktop/d387-advanced-java/src/main/java/edu/wgu/d387_sample_code/rest/ResourceConstants.java
